Download http://localhost:4545/npm/registry/@denotest/d-ext
Download http://localhost:4545/npm/registry/@denotest/d-ext/1.0.0.tgz
Check file:///home/david/dev/deno/cli/tests/testdata/npm/d_ext/main.ts
